// Jest Snapshot v1, https://goo.gl/fbAQLP

exports[`This suit is to test the ChoiceCardContainer component Snapshot of ChoiceCardContainer 1`] = `
<DocumentFragment>
  <div
    class="list-item-container"
    style="opacity: 1; transform: scale(1, 1); transition: opacity 1500ms cubic-bezier(0.4, 0, 0.2, 1) 0ms,transform 999ms cubic-bezier(0.4, 0, 0.2, 1) 0ms;"
  >
    <li
      class="MuiListItem-container"
    >
      <div
        aria-disabled="false"
        class="MuiButtonBase-root MuiListItem-root makeStyles-listItem-1 MuiListItem-gutters MuiListItem-button MuiListItem-secondaryAction"
        role="button"
        tabindex="0"
      >
        <div
          class="MuiListItemIcon-root"
        >
          <span
            class="MuiBadge-root"
          >
            <span
              class="MuiBadge-badge MuiBadge-anchorOriginTopRightRectangle MuiBadge-colorPrimary"
            >
              2
            </span>
          </span>
        </div>
        <div
          class="MuiListItemText-root"
        >
          <span
            class="MuiTypography-root MuiListItemText-primary MuiTypography-body1 MuiTypography-displayBlock"
          >
            Taco Bell
          </span>
        </div>
        <span
          class="MuiTouchRipple-root"
        />
      </div>
      <div
        class="MuiListItemSecondaryAction-root"
      >
        <button
          aria-label="delete"
          class="MuiButtonBase-root MuiIconButton-root MuiIconButton-edgeEnd"
          data-testid="delete-icon"
          tabindex="0"
          type="button"
        >
          <span
            class="MuiIconButton-label"
          >
            <svg
              aria-hidden="true"
              class="MuiSvgIcon-root"
              focusable="false"
              viewBox="0 0 24 24"
            >
              <path
                d="M6 19c0 1.1.9 2 2 2h8c1.1 0 2-.9 2-2V7H6v12zM19 4h-3.5l-1-1h-5l-1 1H5v2h14V4z"
              />
            </svg>
          </span>
          <span
            class="MuiTouchRipple-root"
          />
        </button>
      </div>
    </li>
  </div>
</DocumentFragment>
`;
