// Jest Snapshot v1, https://goo.gl/fbAQLP

exports[`This suit is to test the ContentContainer component Snapshot of ContentContainer 1`] = `
<DocumentFragment>
  <div
    class="makeStyles-containerWrapper-1"
  >
    <div
      class="MuiTypography-root makeStyles-contentContainer-2 MuiTypography-body1"
    >
      <div
        class="makeStyles-inputContainer-4"
      >
        <div
          class="MuiFormControl-root MuiTextField-root makeStyles-choiceInput-5 MuiFormControl-marginNormal"
        >
          <label
            class="MuiFormLabel-root MuiInputLabel-root makeStyles-label-7 MuiInputLabel-formControl MuiInputLabel-animated MuiInputLabel-outlined"
            data-shrink="false"
            for="standard-basic"
            id="standard-basic-label"
          >
            Choice
          </label>
          <div
            class="MuiInputBase-root MuiOutlinedInput-root MuiInputBase-formControl"
          >
            <input
              aria-invalid="false"
              class="MuiInputBase-input MuiOutlinedInput-input makeStyles-input-6"
              id="standard-basic"
              placeholder="Please provide your choice here..."
              type="text"
              value=""
            />
            <fieldset
              aria-hidden="true"
              class="PrivateNotchedOutline-root-9 MuiOutlinedInput-notchedOutline"
            >
              <legend
                class="PrivateNotchedOutline-legendLabelled-11"
              >
                <span>
                  Choice
                </span>
              </legend>
            </fieldset>
          </div>
        </div>
        <button
          class="MuiButtonBase-root MuiButton-root MuiButton-contained makeStyles-randomize-8 MuiButton-containedPrimary Mui-disabled Mui-disabled"
          data-testid="randomize-button"
          disabled=""
          tabindex="-1"
          type="button"
        >
          <span
            class="MuiButton-label"
          >
            Randomize
          </span>
        </button>
      </div>
      <div
        class="makeStyles-list-3"
      >
        <nav
          aria-label="main mailbox folders"
          class="MuiList-root MuiList-padding"
        />
      </div>
    </div>
  </div>
</DocumentFragment>
`;
