// Jest Snapshot v1, https://goo.gl/fbAQLP

exports[`This suit is to test the LoadDecisionModal component Snapshot of LoadDecisionModal 1`] = `<DocumentFragment />`;
