// Jest Snapshot v1, https://goo.gl/fbAQLP

exports[`This suit is to test the SideNavMenu component Snapshot of SideNavMenu 1`] = `
<DocumentFragment>
  <div />
</DocumentFragment>
`;
