// Jest Snapshot v1, https://goo.gl/fbAQLP

exports[`This suit is to test the WinningChoiceContainer component Snapshot of WinningChoiceContainer 1`] = `
<DocumentFragment>
  <div
    class="MuiTypography-root makeStyles-contentContainer-1 MuiTypography-body1"
    style="opacity: 1; transform: scale(1, 1); transition: opacity 1500ms cubic-bezier(0.4, 0, 0.2, 1) 0ms,transform 999ms cubic-bezier(0.4, 0, 0.2, 1) 0ms;"
  >
    <h2
      class="MuiTypography-root makeStyles-winningChoice-2 MuiTypography-h2"
    />
    <iframe
      allowfullscreen=""
      class="giphy-embed"
      frameborder="0"
      height="358"
      src="https://giphy.com/embed/GcSqyYa2aF8dy"
      title="shia-labeouf-giphy"
      width="480"
    />
    <button
      class="MuiButtonBase-root MuiButton-root MuiButton-contained makeStyles-returnHomeButton-3 MuiButton-containedPrimary"
      data-testid="randomize-button"
      tabindex="0"
      type="button"
    >
      <span
        class="MuiButton-label"
      >
        Return Home
      </span>
      <span
        class="MuiTouchRipple-root"
      />
    </button>
  </div>
</DocumentFragment>
`;
